No GPU detected. Testing will run on CPU.
